level="I" msg="test" haz_string="such tests" x="1" y="2" z="3"
